Word count = 7
Average word length = 4.556
Number of words of length 3 is 1
Number of words of length 4 is 1
Number of words of length 5 is 1
Number of words of length 6 is 1
Number of words of length 1 is 1
Number of words of length 9 is 1
The most frequently occurring word length is 2, for word lengths of 6