Word count = 3
Average word length = 3.333
Number of words of length 1 is 1
Number of words of length 3 is 1
Number of words of length 6 is 1
The most frequently occurring word length is 1, for word lengths of 1 & 3 & 6